// Jest Snapshot v1, https://goo.gl/fbAQLP

exports[`<PostTemplate /> should match snapshot 1`] = `
.c23 {
  padding: 0 3.2rem;
}

.c6 {
  color: #000;
  line-height: 1.2;
  font-size: 2.4rem;
  font-weight: 900;
  text-transform: uppercase;
  text-align: center;
}

.c12 {
  color: #000;
  line-height: 1.2;
  font-size: 2.4rem;
  font-weight: 900;
  text-transform: none;
  text-align: center;
}

.c16 {
  color: #000;
  line-height: 1.2;
  font-size: 6.4rem;
  font-weight: 900;
  text-transform: none;
  text-align: center;
}

.c15 {
  padding-bottom: 4rem;
  margin-bottom: 4rem;
  border-bottom: 0.1rem solid #ddd;
}

.c15 .c5 {
  margin: 0;
  margin-bottom: 2.4rem;
}

.c17 {
  margin: 2.4rem 0;
  font-size: 2.4rem;
}

.c18 {
  max-width: 100%;
  display: block;
  margin-bottom: 2.4rem;
}

.c19 {
  font-size: 1.6rem;
  color: #aaa;
  font-style: italic;
}

.c19 .categories span:not(:last-child)::after {
  content: ', ';
}

.c19 span:first-child {
  margin-right: 0.5rem;
}

.c19 a {
  color: #dc143c;
  -webkit-text-decoration: none;
  text-decoration: none;
  -webkit-transition: all 300ms ease-in-out;
  transition: all 300ms ease-in-out;
}

.c19 a:hover {
  -webkit-filter: brightness(50%);
  filter: brightness(50%);
}

.c22 {
  font-size: 2.4rem;
}

.c22 p {
  margin: 4.8rem 0;
}

.c22 a {
  color: #dc143c;
  -webkit-text-decoration: none;
  text-decoration: none;
  -webkit-transition: all 300ms ease-in-out;
  transition: all 300ms ease-in-out;
}

.c22 a:hover {
  -webkit-filter: brightness(50%);
  filter: brightness(50%);
}

.c22 pre {
  background-color: #161B22;
  color: #C9D1D9;
  padding: 2.4rem;
  font-family: monospace;
  margin: 4.8rem 0;
  border-radius: 1rem;
  width: 100%;
  overflow-x: auto;
  font-size: 1.6rem;
}

.c22 img {
  max-width: 100%;
}

.c22 .image {
  background-color: #ddd;
  line-height: 0;
  margin: 4.8rem 0;
}

.c22 .image figcaption {
  font-size: 1.6rem;
  padding: 1.6rem;
  text-align: center;
  line-height: 1.3rem;
}

.c22 .image-style-side {
  float: right;
  margin: 2.4rem;
}

.c22 hr {
  border: none;
  border-bottom: 0.1rem solid #ddd;
}

.c22 ul,
.c22 ol {
  margin: 4.8rem;
}

.c22 .table {
  width: 100%;
  overflow: hidden;
  overflow-x: auto;
}

.c22 table {
  width: 100%;
  border-collapse: collapse;
}

.c22 table td,
.c22 table th {
  padding: 1.6rem;
  border: 0.1rem solid #ddd;
}

.c14 {
  width: 100%;
  margin: 0 auto;
  padding: 0 3.2rem;
  max-width: 120rem;
}

.c20 {
  width: 100%;
  margin: 0 auto;
  padding: 0 3.2rem;
  max-width: 80rem;
}

.c24 {
  margin: 3.2rem 0;
}

.c24 span:not(:last-child)::after {
  content: ', ';
}

.c24 a {
  color: #dc143c;
  -webkit-text-decoration: none;
  text-decoration: none;
  -webkit-transition: all 300ms ease-in-out;
  transition: all 300ms ease-in-out;
}

.c24 a:hover {
  -webkit-filter: brightness(50%);
  filter: brightness(50%);
}

.c26 {
  text-align: center;
  border-top: 1px solid #ddd;
}

.c26 a {
  color: inherit;
  -webkit-text-decoration: none;
  text-decoration: none;
}

.c26 .c21 {
  font-size: 1.6rem;
}

.c27 {
  background-color: #fff;
  color: #000;
  border: 1px solid #000;
  border-radius: 50%;
  position: fixed;
  bottom: 2rem;
  right: 2rem;
  display: -webkit-box;
  display: -webkit-flex;
  display: -ms-flexbox;
  display: flex;
  -webkit-align-items: center;
  -webkit-box-align: center;
  -ms-flex-align: center;
  align-items: center;
  -webkit-box-pack: center;
  -webkit-justify-content: center;
  -ms-flex-pack: center;
  justify-content: center;
  width: 5rem;
  height: 5rem;
  z-index: 6;
  -webkit-text-decoration: none;
  text-decoration: none;
}

.c1 {
  display: inline-block;
  vertical-align: middle;
  overflow: hidden;
}

.c7 a {
  display: -webkit-box;
  display: -webkit-flex;
  display: -ms-flexbox;
  display: flex;
  -webkit-align-items: center;
  -webkit-box-align: center;
  -ms-flex-align: center;
  align-items: center;
  -webkit-text-decoration: none;
  text-decoration: none;
  color: inherit;
}

.c7 a > img {
  width: 15rem;
  border-radius: 50%;
}

.c10 {
  display: -webkit-box;
  display: -webkit-flex;
  display: -ms-flexbox;
  display: flex;
  -webkit-align-items: center;
  -webkit-box-align: center;
  -ms-flex-align: center;
  align-items: center;
  -webkit-box-pack: center;
  -webkit-justify-content: center;
  -ms-flex-pack: center;
  justify-content: center;
  padding-bottom: 6.4rem;
  width: 100%;
  max-width: 96rem;
  color: #333;
  font-size: 1.6rem;
  margin: 0 auto;
}

.c10 .c5 {
  margin: 1.6rem 0;
  text-align: left;
}

.c11 {
  display: -webkit-box;
  display: -webkit-flex;
  display: -ms-flexbox;
  display: flex;
  -webkit-flex-flow: column wrap;
  -ms-flex-flow: column wrap;
  flex-flow: column wrap;
  margin-left: 3.2rem;
  max-width: 48rem;
}

.c2 {
  background-color: #000;
  padding: 3.2rem;
  display: -webkit-box;
  display: -webkit-flex;
  display: -ms-flexbox;
  display: flex;
  -webkit-flex-direction: column;
  -ms-flex-direction: column;
  flex-direction: column;
  position: fixed;
  z-index: 1;
  width: 100%;
  max-width: 32rem;
  height: 100vh;
  top: 0;
  left: 0;
  overflow-y: auto;
  -webkit-transition: all 300ms ease-in-out;
  transition: all 300ms ease-in-out;
  left: -30rem;
}

.c2::-webkit-scrollbar {
  display: none;
}

.c3 {
  margin: auto;
  width: 100%;
}

.c4 .c5 {
  display: -webkit-box;
  display: -webkit-flex;
  display: -ms-flexbox;
  display: flex;
  -webkit-box-pack: center;
  -webkit-justify-content: center;
  -ms-flex-pack: center;
  justify-content: center;
  margin: 4rem 0;
}

.c4 .c5 img {
  border: 0.3rem solid #dc143c;
}

.c0 {
  position: fixed;
  top: 2.4rem;
  color: #fff;
  background-color: #000;
  z-index: 2;
  width: 3rem;
  height: 3rem;
  left: 26rem;
  -webkit-transition: all 300ms ease-in-out;
  transition: all 300ms ease-in-out;
  left: 1rem;
  color: #fff;
}

.c8 {
  display: block;
  color: #fff;
  -webkit-text-decoration: none;
  text-decoration: none;
  margin-bottom: 1.6rem;
  font-size: 1.8rem;
  border-right: 0 solid #000;
  -webkit-transition: all 300ms ease-in-out;
  transition: all 300ms ease-in-out;
}

.c8:hover {
  border-right: 0.5rem solid #dc143c;
  color: #dc143c;
}

.c9 {
  margin-top: 6.4rem;
  padding: 0 3.2rem;
}

.c13 {
  max-width: 120rem;
  width: 100%;
  margin: 0 auto;
  margin-bottom: 6.4rem;
}

.c25 {
  max-width: 120rem;
  width: 100%;
  margin: 0 auto;
  padding: 3.2rem;
}

@media (max-width:768px) {
  .c23 {
    padding: 0 1.6rem;
  }
}

@media (max-width:768px) {
  .c16 {
    font-size: 4rem;
  }
}

@media (max-width:360px) {
  .c15 .c5 {
    font-size: 2.4rem;
  }
}

@media (max-width:360px) {
  .c17 {
    font-size: 1.6rem;
  }
}

@media (max-width:768px) {
  .c22 {
    font-size: 2rem;
  }
}

@media (max-width:768px) {
  .c14 {
    padding: 1.6rem;
  }
}

@media (max-width:768px) {
  .c20 {
    padding: 1.6rem;
  }
}

@media (max-width:768px) {
  .c10 {
    -webkit-flex-flow: column wrap;
    -ms-flex-flow: column wrap;
    flex-flow: column wrap;
  }
}

@media (max-width:768px) {
  .c11 {
    margin: 0;
  }
}

@media (max-width:768px) {
  .c2 {
    left: -32rem;
  }
}

@media (max-width:768px) {
  .c0 {
    left: 0;
  }
}

<div>
  <div
    class=""
  >
    <a
      aria-label="Open or close menu"
      class="c0"
      href="#"
      title="Open or close menu"
    >
      <svg
        aria-hidden="true"
        aria-label="Open menu"
        class="c1"
        fill="currentColor"
        focusable="false"
        viewBox="0 0 24 24"
        xmlns="http://www.w3.org/2000/svg"
      >
        <path
          d="M3 18h18v-2H3v2zm0-5h18v-2H3v2zm0-7v2h18V6H3z"
        />
      </svg>
    </a>
    <div
      aria-hidden="true"
      class="c2"
    >
      <nav
        class="c3"
      >
        <div
          class="c4"
        >
          <h1
            class="c5 c6"
          >
            <div
              class="c7"
            >
              <a
                href="/"
                target="_self"
              >
                <img
                  alt="Evandro Calado"
                  src="https://res.cloudinary.com/dnhsdenji/image/upload/v1679924887/110628201_ae0753864b.jpg"
                />
              </a>
            </div>
          </h1>
        </div>
        <a
          class="c8"
          href="/home"
          target="_self"
        >
          home
        </a>
        <a
          class="c8"
          href="/posts"
          target="_self"
        >
          posts
        </a>
      </nav>
    </div>
    <div
      class="c9"
    >
      <header
        class="c10"
      >
        <h1
          class="c5 c6"
        >
          <div
            class="c7"
          >
            <a
              href="https://github.com/EvandroCalado"
              target="_blank"
            >
              <img
                alt="Evandro Calado - Blog sobre alguma coisa"
                src="https://res.cloudinary.com/dnhsdenji/image/upload/v1679924887/110628201_ae0753864b.jpg"
              />
            </a>
          </div>
        </h1>
        <div
          class="c11"
        >
          <h2
            class="c5 c12"
          >
            Evandro Calado
          </h2>
          <p>
            Blog sobre alguma coisa
          </p>
        </div>
      </header>
    </div>
    <div
      class="c13"
    >
      <article
        class=""
      >
        <div
          class="c14"
        >
          <header
            class="c15"
          >
            <h1
              class="c5 c16"
            >
              Desenvolvimento de aplicativos web escaláveis com Next.js
            </h1>
            <p
              class="c17"
            >
              Se você está procurando um framework poderoso para desenvolver aplicativos web escaláveis, o Next.js pode ser a escolha certa para você. O Next.js é um framework baseado em React que oferece recursos avançados, como renderização no lado do servidor e roteamento dinâmico, para ajudá-lo a criar aplicativos web modernos e de alto desempenho. Neste post, exploraremos as principais características do Next.js e veremos como usá-lo para construir aplicativos web escaláveis.
            </p>
            <img
              alt="Desenvolvimento de aplicativos web escaláveis com Next.js"
              class="c18"
              src="https://res.cloudinary.com/dnhsdenji/image/upload/v1679929576/twitter_card_f0df8b6a20.png"
            />
            <div
              class="c19"
            >
              <p>
                <span>
                  Por
                </span>
                <a
                  href="/author/evandro-calado"
                >
                  Evandro Calado
                </a>
                <span
                  class="separator"
                >
                   | 
                </span>
                <time
                  datetime="2023-03-27T17:22:39.749Z"
                >
                  27 de mar. de 2023
                </time>
                <span
                  class="separator"
                >
                   | 
                </span>
                <span
                  class="categories"
                >
                  <span>
                    <a
                      href="/category/react"
                    >
                      React
                    </a>
                  </span>
                  <span>
                    <a
                      href="/category/next"
                    >
                      Next
                    </a>
                  </span>
                </span>
              </p>
            </div>
          </header>
        </div>
        <div
          class="c20"
        >
          <div
            class="c21 c22"
          >
            <h2>
              O que é o Next.js?
            </h2>
            <p>
              O Next.js é um framework de desenvolvimento web baseado em React que foi criado pela equipe da Vercel. Ele oferece muitos recursos e funcionalidades para tornar a criação de aplicativos web mais fácil e rápida. Alguns dos recursos mais notáveis   do Next.js incluem:
            </p>
            <ul>
              <li>
                Renderização no lado do servidor (SSR) e na renderização do lado do cliente (CSR)
              </li>
              <li>
                Roteamento dinâmico
              </li>
              <li>
                Pré-renderização estática e dinâmica
              </li>
              <li>
                Suporte a CSS Modules
              </li>
              <li>
                Suporte a API externas
              </li>
            </ul>
            <p>
              Esses recursos tornam o Next.js uma escolha popular para a criação de aplicativos web escaláveis e de alto desempenho.
            </p>
            <hr />
            <figure
              class="image"
            >
              <a
                href="https://nextjs.org/"
              >
                <img
                  alt="next example"
                  sizes="100vw"
                  src="https://res.cloudinary.com/dnhsdenji/image/upload/v1679937482/next_ed0a265ac1.jpg"
                  srcset="https://res.cloudinary.com/dnhsdenji/image/upload/v1679937482/thumbnail_next_ed0a265ac1.jpg 245w,https://res.cloudinary.com/dnhsdenji/image/upload/v1679937482/small_next_ed0a265ac1.jpg 500w,https://res.cloudinary.com/dnhsdenji/image/upload/v1679937482/medium_next_ed0a265ac1.jpg 750w,https://res.cloudinary.com/dnhsdenji/image/upload/v1679937482/large_next_ed0a265ac1.jpg 1000w,"
                />
              </a>
              <figcaption>
                Next Js Example
              </figcaption>
            </figure>
            <h2>
              Como começar com o Next.js
            </h2>
            <p>
              Para começar a usar o 
              <a
                href="https://nextjs.org/"
              >
                Next.js
              </a>
              , você precisará instalá-lo. A maneira mais fácil de fazer isso é usando o 
              <a
                href="https://nodejs.org/en"
              >
                Node.js
              </a>
               e o gerenciador de pacotes NPM. Execute o seguinte comando no terminal para instalar o Next.js:
            </p>
            <pre>
              <code
                class="language-javascript"
              >
                npm install next react react-dom

              </code>
            </pre>
            <p>
              Depois de instalado, você pode criar um novo aplicativo Next.js usando o comando create-next-app. Execute o seguinte comando no terminal para criar um novo aplicativo Next.js:
            </p>
            <pre>
              <code
                class="language-javascript"
              >
                npx create-next-app my-app

              </code>
            </pre>
            <p>
              Isso criará um novo aplicativo Next.js em uma pasta chamada my-app. Você pode entrar na pasta e iniciar o servidor de desenvolvimento usando os seguintes comandos:
            </p>
            <pre>
              <code
                class="language-javascript"
              >
                cd my-app
npm run dev

              </code>
            </pre>
            <h2>
              Páginas estáticas e dinâmicas
            </h2>
            <p>
              O Next.js oferece suporte a dois tipos de páginas: páginas estáticas e páginas dinâmicas.
            </p>
            <hr />
            <figure
              class="image image-style-side"
            >
              <img
                alt="next example"
                sizes="100vw"
                src="https://res.cloudinary.com/dnhsdenji/image/upload/v1679937482/next_ed0a265ac1.jpg"
                srcset="https://res.cloudinary.com/dnhsdenji/image/upload/v1679937482/thumbnail_next_ed0a265ac1.jpg 245w,https://res.cloudinary.com/dnhsdenji/image/upload/v1679937482/small_next_ed0a265ac1.jpg 500w,https://res.cloudinary.com/dnhsdenji/image/upload/v1679937482/medium_next_ed0a265ac1.jpg 750w,https://res.cloudinary.com/dnhsdenji/image/upload/v1679937482/large_next_ed0a265ac1.jpg 1000w,"
              />
              <figcaption>
                Next component
              </figcaption>
            </figure>
            <h3>
              Páginas estáticas
            </h3>
            <p
              style="margin-left:0px;"
            >
              As páginas estáticas são páginas que não mudam, independentemente de quem as solicita. Elas são pré-renderizadas no momento da construção e servidas como arquivos HTML estáticos para cada solicitação. Isso pode ajudar a melhorar o desempenho do aplicativo e reduzir o tempo de carregamento.
            </p>
            <p>
              Para criar uma página estática no Next.js, crie um arquivo 
              <strong>
                .js
              </strong>
               ou 
              <strong>
                .tsx
              </strong>
               na pasta 
              <strong>
                pages
              </strong>
              . Por exemplo, para criar uma página estática chamada 
              <strong>
                about
              </strong>
              , crie um arquivo chamado 
              <strong>
                about.js
              </strong>
               ou 
              <strong>
                about.tsx
              </strong>
               na pasta pages. Em seguida, adicione o seguinte código:
            </p>
            <p>
               
            </p>
            <pre>
              <code
                class="language-javascript"
              >
                function About() {
  return &lt;h1&gt;About&lt;/h1&gt;
}

export default About

              </code>
            </pre>
            <p>
              Isso criará uma página estática com o título "About".
            </p>
            <h3>
              Páginas dinâmicas
            </h3>
            <p>
              As páginas dinâmicas são páginas que são renderizadas no servidor com base em dados específicos da solicitação. Por exemplo, uma página de perfil de usuário pode ser uma página dinâmica que é renderizada com base no nome de usuário da solicitação.
            </p>
            <p>
              <br />
               
            </p>
          </div>
        </div>
      </article>
      <div
        class="c23"
      >
        <p
          class="c24"
        >
          Tags:
           
          <span>
            <a
              href="/tag/get-static-props"
            >
              Get static props
            </a>
          </span>
          <span>
            <a
              href="/tag/serve-side-rendering"
            >
              Serve side rendering
            </a>
          </span>
        </p>
      </div>
    </div>
    <div
      class="c25"
    >
      <footer
        class="c26"
      >
        <div
          class="c21 c22"
        >
          <p>
            Feito com 💕 por 
            <a
              href="https://github.com/EvandroCalado"
            >
              Evandro Calado
            </a>
          </p>
        </div>
      </footer>
    </div>
    <a
      aria-label="Go to top"
      class="c27"
      href="#"
      title="Go to top"
    >
      <svg
        aria-hidden="true"
        class="c1"
        fill="currentColor"
        focusable="false"
        viewBox="0 0 24 24"
        xmlns="http://www.w3.org/2000/svg"
      >
        <path
          d="M7.41 15.41 12 10.83l4.59 4.58L18 14l-6-6-6 6 1.41 1.41z"
        />
      </svg>
    </a>
  </div>
</div>
`;
